// Jest Snapshot v1, https://goo.gl/fbAQLP

exports[`Chart Gauge Chart snapshot 1`] = `
<div
  class="sc-bdfCDU duXySc"
/>
`;

exports[`Chart Gauge SteppedAreaChart snapshot 1`] = `
<div
  class="sc-bdfCDU duXySc"
/>
`;
